0|||||f|f|||||
POLYGON((88 0,89 0,89 -1,88 -1,88 0))|0
POLYGON((88 0,89 0,89 -1,88 -1,88 0))|90
POLYGON((56 -24,57 -24,57 -25,56 -25,56 -24))|255
POLYGON((88 -48,89 -48,89 -49,88 -49,88 -48))|198
