0|||||f|f|||||
POLYGON((0 0,1 0,1 -1,0 -1,0 0))|255
POLYGON((40 -20,41 -20,41 -21,40 -21,40 -20))|0
POLYGON((80 -40,81 -40,81 -41,80 -41,80 -40))|198
